============================= test session starts =============================
platform win32 -- Python 3.10.9, pytest-9.0.2, pluggy-1.6.0
rootdir: C:\Users\User\OneDrive\Desktop\Intern-assgn\bitspeed
plugins: anyio-4.12.1
collected 0 items / 1 error

=================================== ERRORS ====================================
___________________ ERROR collecting tests/test_identify.py ___________________
tests\test_identify.py:27: in <module>
    client = TestClient(app)
venv\lib\site-packages\starlette\testclient.py:429: in __init__
    super().__init__(
E   TypeError: Client.__init__() got an unexpected keyword argument 'app'
=========================== short test summary info ===========================
ERROR tests/test_identify.py - TypeError: Client.__init__() got an unexpected...
!!!!!!!!!!!!!!!!!!! Interrupted: 1 error during collection !!!!!!!!!!!!!!!!!!!!
============================== 1 error in 0.89s ===============================
